// Jest Snapshot v1, https://goo.gl/fbAQLP

exports[`components Test Suite Should render correctly with no props 1`] = `ShallowWrapper {}`;

exports[`components Test Suite Should render correctly with no props 2`] = `ShallowWrapper {}`;
